// Jest Snapshot v1, https://goo.gl/fbAQLP

exports[`matches snapshot 1`] = `
<div
  className="project-Card p-2"
  data-testid="projectcard"
>
  <style
    jsx={true}
  >
    
				.line-limit-2 {
					display: -webkit-box;
					-webkit-line-clamp: 3;
					text-overflow: ellipsis;
					overflow: hidden;
					width: 100%;
					-webkit-box-orient: vertical;
				}
			
  </style>
  <div
    className="d-flex justify-content-between"
  >
    <div
      className="number-count color5 f12 d-flex justify-content-center align-items-center px-2 fw600"
    >
      NaN
    </div>
    <img
      alt=""
      className="pointer"
      onClick={[Function]}
      src="blueDelete.svg"
    />
  </div>
  <p
    className="line-limit-2 f14 fw500 color1 mb-0 mt-3"
  />
</div>
`;
