// Jest Snapshot v1, https://goo.gl/fbAQLP

exports[`matches snapshot 1`] = `
<div>
  <div
    className="project-Card-b3 justify-content-between d-flex w-100 rounded-10 ps-3"
  >
    <div
      className="row align-items-center"
    >
      <div
        className="col-10"
      >
        <div
          className="mb-0 f16 color1 fw600"
        />
      </div>
    </div>
    <div
      className="d-flex"
    >
      <div
        className="align-self-center pe-4"
      >
        <div
          className="pe-4"
        >
          <div
            className="d-flex"
          >
            <div
              className="bg-color4 px-2 rounded-3 f14 fw600 color1 ms-4"
            >
              UX/UI
            </div>
          </div>
        </div>
      </div>
      <div
        className="list-card-delete align-self-center h-100 px-2 bg-color4 py-4 pointer"
      >
        <img
          alt=""
          src="blueDelete.svg"
        />
      </div>
    </div>
  </div>
</div>
`;
